// Jest Snapshot v1, https://goo.gl/fbAQLP

exports[`Pseudo-class props should generate pseudo-class CSS 1`] = `
.emotion-0 {
  color: rgb(0, 0, 0);
  font-size: 1.25rem;
  font-family: Roboto,-apple-system,Ubuntu,sans-serif;
  line-height: 1.75rem;
  font-weight: 400;
  font-variant-numeric: tabular-nums;
}

.emotion-1 {
  margin: 0;
  padding: 0;
  color: rgb(0, 0, 0);
  font-size: 1.25rem;
  line-height: 1.75rem;
}

.emotion-1:hover {
  color: rgb(242, 202, 202);
}

.emotion-1:active,
.emotion-1[data-active=true] {
  color: rgb(0, 0, 0);
}

.emotion-1:focus {
  color: rgb(0, 0, 0);
}

.emotion-1:visited {
  color: rgb(0, 0, 0);
}

.emotion-1:nth-of-type(even) {
  padding: 0.75rem;
}

.emotion-1:nth-of-type(odd) {
  margin: 0.5rem;
}

.emotion-1:disabled,
.emotion-1:disabled:focus,
.emotion-1:disabled:hover,
.emotion-1[aria-disabled=true],
.emotion-1[aria-disabled=true]:focus,
.emotion-1[aria-disabled=true]:hover {
  padding-top: 0.75rem;
}

.emotion-1:checked,
.emotion-1[aria-checked=true] {
  padding-right: 0.75rem;
}

.emotion-1:indeterminate,
.emotion-1[aria-checked=mixed] {
  padding-bottom: 0.75rem;
}

.emotion-1[aria-selected=true] {
  padding-left: 0.75rem;
}

.emotion-1:invalid,
.emotion-1[aria-invalid=true] {
  margin-top: 0.75rem;
}

.emotion-1[aria-pressed=true] {
  margin-right: 0.75rem;
}

.emotion-1[aria-readonly=true],
.emotion-1[readonly] {
  margin-bottom: 0.75rem;
}

.emotion-1:first-of-type {
  margin-left: 0.75rem;
}

.emotion-1:last-of-type {
  color: rgb(0, 0, 0);
}

.emotion-1[aria-expanded=true] {
  color: rgb(0, 0, 0);
}

.emotion-1[aria-grabbed=true] {
  color: rgb(0, 0, 0);
}

.emotion-1:not(:first-of-type) {
  color: rgb(0, 0, 0);
}

.emotion-1:not(:last-of-type) {
  color: rgb(0, 0, 0);
}

.emotion-1:before {
  content: "Before text";
  position: absolute;
  bottom: 0;
  left: 0;
}

.emotion-1:after {
  content: "After text";
  position: absolute;
  bottom: 0;
  left: 0;
}

.emotion-1:focus-within {
  color: rgb(0, 0, 0);
}

<div
  className="emotion-0"
>
  <span
    className="emotion-1"
    color="colorText"
    data-browk-ui-element="TEXT"
    fontSize="fontSize30"
  >
    PseudoBox
  </span>
</div>
`;

exports[`as should render as a provided HTML element 1`] = `
.emotion-0 {
  color: rgb(0, 0, 0);
  font-size: 1.25rem;
  font-family: Roboto,-apple-system,Ubuntu,sans-serif;
  line-height: 1.75rem;
  font-weight: 400;
  font-variant-numeric: tabular-nums;
}

.emotion-1 {
  margin: 0;
  padding: 0;
  color: rgb(0, 0, 0);
  font-size: 1.25rem;
  line-height: 1.75rem;
}

<div
  className="emotion-0"
>
  <label
    className="emotion-1"
    color="colorText"
    data-browk-ui-element="TEXT"
    fontSize="fontSize30"
  >
    background single
  </label>
</div>
`;

exports[`color should set a color property 1`] = `
.emotion-0 {
  color: rgb(0, 0, 0);
  font-size: 1.25rem;
  font-family: Roboto,-apple-system,Ubuntu,sans-serif;
  line-height: 1.75rem;
  font-weight: 400;
  font-variant-numeric: tabular-nums;
}

.emotion-1 {
  margin: 0;
  padding: 0;
  color: rgb(0, 0, 0);
  font-size: 1.25rem;
  line-height: 1.75rem;
}

<div
  className="emotion-0"
>
  <span
    className="emotion-1"
    color="colorText"
    data-browk-ui-element="TEXT"
    fontSize="fontSize30"
  >
    color single
  </span>
</div>
`;

exports[`color should set a responsive color property 1`] = `
.emotion-0 {
  color: rgb(0, 0, 0);
  font-size: 1.25rem;
  font-family: Roboto,-apple-system,Ubuntu,sans-serif;
  line-height: 1.75rem;
  font-weight: 400;
  font-variant-numeric: tabular-nums;
}

.emotion-1 {
  margin: 0;
  padding: 0;
  color: rgb(0, 0, 0);
  font-size: 1.25rem;
  line-height: 1.75rem;
}

@media screen and (min-width: 25rem) {
  .emotion-1 {
    color: rgb(255, 255, 255);
  }
}

<div
  className="emotion-0"
>
  <span
    className="emotion-1"
    color={
      Array [
        "colorText",
        "colorTextInverse",
      ]
    }
    data-browk-ui-element="TEXT"
    fontSize="fontSize30"
  >
    color responsive
  </span>
</div>
`;

exports[`display should set a display property 1`] = `
.emotion-0 {
  color: rgb(0, 0, 0);
  font-size: 1.25rem;
  font-family: Roboto,-apple-system,Ubuntu,sans-serif;
  line-height: 1.75rem;
  font-weight: 400;
  font-variant-numeric: tabular-nums;
}

.emotion-1 {
  margin: 0;
  padding: 0;
  color: rgb(0, 0, 0);
  font-size: 1.25rem;
  line-height: 1.75rem;
  display: inline-block;
}

<div
  className="emotion-0"
>
  <span
    className="emotion-1"
    color="colorText"
    data-browk-ui-element="TEXT"
    display="inline-block"
    fontSize="fontSize30"
  >
    display single
  </span>
</div>
`;

exports[`display should set a responsive display property 1`] = `
.emotion-0 {
  color: rgb(0, 0, 0);
  font-size: 1.25rem;
  font-family: Roboto,-apple-system,Ubuntu,sans-serif;
  line-height: 1.75rem;
  font-weight: 400;
  font-variant-numeric: tabular-nums;
}

.emotion-1 {
  margin: 0;
  padding: 0;
  color: rgb(0, 0, 0);
  font-size: 1.25rem;
  line-height: 1.75rem;
  display: inline-block;
}

@media screen and (min-width: 25rem) {
  .emotion-1 {
    display: block;
  }
}

<div
  className="emotion-0"
>
  <span
    className="emotion-1"
    color="colorText"
    data-browk-ui-element="TEXT"
    display={
      Array [
        "inline-block",
        "block",
      ]
    }
    fontSize="fontSize30"
  >
    display responsive
  </span>
</div>
`;

exports[`fontFamily should set a font family property 1`] = `
.emotion-0 {
  color: rgb(0, 0, 0);
  font-size: 1.25rem;
  font-family: Roboto,-apple-system,Ubuntu,sans-serif;
  line-height: 1.75rem;
  font-weight: 400;
  font-variant-numeric: tabular-nums;
}

.emotion-1 {
  margin: 0;
  padding: 0;
  color: rgb(0, 0, 0);
  font-size: 1.25rem;
  line-height: 1.75rem;
  font-family: Montserrat,Courier,monospace;
}

<div
  className="emotion-0"
>
  <span
    className="emotion-1"
    color="colorText"
    data-browk-ui-element="TEXT"
    fontFamily="fontFamilyCode"
    fontSize="fontSize30"
  >
    font family single
  </span>
</div>
`;

exports[`fontFamily should set a responsive font family property 1`] = `
.emotion-0 {
  color: rgb(0, 0, 0);
  font-size: 1.25rem;
  font-family: Roboto,-apple-system,Ubuntu,sans-serif;
  line-height: 1.75rem;
  font-weight: 400;
  font-variant-numeric: tabular-nums;
}

.emotion-1 {
  margin: 0;
  padding: 0;
  color: rgb(0, 0, 0);
  font-size: 1.25rem;
  line-height: 1.75rem;
  font-family: Roboto,-apple-system,Ubuntu,sans-serif;
}

@media screen and (min-width: 25rem) {
  .emotion-1 {
    font-family: Montserrat,Courier,monospace;
  }
}

<div
  className="emotion-0"
>
  <span
    className="emotion-1"
    color="colorText"
    data-browk-ui-element="TEXT"
    fontFamily={
      Array [
        "fontFamilyText",
        "fontFamilyCode",
      ]
    }
    fontSize="fontSize30"
  >
    font family responsive
  </span>
</div>
`;

exports[`fontSize should set a font size property 1`] = `
.emotion-0 {
  color: rgb(0, 0, 0);
  font-size: 1.25rem;
  font-family: Roboto,-apple-system,Ubuntu,sans-serif;
  line-height: 1.75rem;
  font-weight: 400;
  font-variant-numeric: tabular-nums;
}

.emotion-1 {
  margin: 0;
  padding: 0;
  color: rgb(0, 0, 0);
  font-size: 0.813rem;
  line-height: 1.75rem;
}

<div
  className="emotion-0"
>
  <span
    className="emotion-1"
    color="colorText"
    data-browk-ui-element="TEXT"
    fontSize="fontSize10"
  >
    font size single
  </span>
</div>
`;

exports[`fontSize should set a responsive font size property 1`] = `
.emotion-0 {
  color: rgb(0, 0, 0);
  font-size: 1.25rem;
  font-family: Roboto,-apple-system,Ubuntu,sans-serif;
  line-height: 1.75rem;
  font-weight: 400;
  font-variant-numeric: tabular-nums;
}

.emotion-1 {
  margin: 0;
  padding: 0;
  color: rgb(0, 0, 0);
  font-size: 1rem;
  line-height: 1.75rem;
}

@media screen and (min-width: 25rem) {
  .emotion-1 {
    font-size: 1.25rem;
  }
}

<div
  className="emotion-0"
>
  <span
    className="emotion-1"
    color="colorText"
    data-browk-ui-element="TEXT"
    fontSize={
      Array [
        "fontSize20",
        "fontSize30",
      ]
    }
  >
    font size responsive
  </span>
</div>
`;

exports[`fontStyle should set a font style property 1`] = `
.emotion-0 {
  color: rgb(0, 0, 0);
  font-size: 1.25rem;
  font-family: Roboto,-apple-system,Ubuntu,sans-serif;
  line-height: 1.75rem;
  font-weight: 400;
  font-variant-numeric: tabular-nums;
}

.emotion-1 {
  margin: 0;
  padding: 0;
  color: rgb(0, 0, 0);
  font-size: 1.25rem;
  line-height: 1.75rem;
  font-style: italic;
}

<div
  className="emotion-0"
>
  <span
    className="emotion-1"
    color="colorText"
    data-browk-ui-element="TEXT"
    fontSize="fontSize30"
    fontStyle="italic"
  >
    font style single
  </span>
</div>
`;

exports[`fontStyle should set a responsive font style property 1`] = `
.emotion-0 {
  color: rgb(0, 0, 0);
  font-size: 1.25rem;
  font-family: Roboto,-apple-system,Ubuntu,sans-serif;
  line-height: 1.75rem;
  font-weight: 400;
  font-variant-numeric: tabular-nums;
}

.emotion-1 {
  margin: 0;
  padding: 0;
  color: rgb(0, 0, 0);
  font-size: 1.25rem;
  line-height: 1.75rem;
  font-style: italic;
}

@media screen and (min-width: 25rem) {
  .emotion-1 {
    font-style: normal;
  }
}

<div
  className="emotion-0"
>
  <span
    className="emotion-1"
    color="colorText"
    data-browk-ui-element="TEXT"
    fontSize="fontSize30"
    fontStyle={
      Array [
        "italic",
        "normal",
      ]
    }
  >
    font style responsive
  </span>
</div>
`;

exports[`fontWeight should set a font weight property 1`] = `
.emotion-0 {
  color: rgb(0, 0, 0);
  font-size: 1.25rem;
  font-family: Roboto,-apple-system,Ubuntu,sans-serif;
  line-height: 1.75rem;
  font-weight: 400;
  font-variant-numeric: tabular-nums;
}

.emotion-1 {
  margin: 0;
  padding: 0;
  color: rgb(0, 0, 0);
  font-size: 1.25rem;
  line-height: 1.75rem;
  font-weight: 900;
}

<div
  className="emotion-0"
>
  <span
    className="emotion-1"
    color="colorText"
    data-browk-ui-element="TEXT"
    fontSize="fontSize30"
    fontWeight="fontWeightBold"
  >
    font weight single
  </span>
</div>
`;

exports[`fontWeight should set a responsive font weight property 1`] = `
.emotion-0 {
  color: rgb(0, 0, 0);
  font-size: 1.25rem;
  font-family: Roboto,-apple-system,Ubuntu,sans-serif;
  line-height: 1.75rem;
  font-weight: 400;
  font-variant-numeric: tabular-nums;
}

.emotion-1 {
  margin: 0;
  padding: 0;
  color: rgb(0, 0, 0);
  font-size: 1.25rem;
  line-height: 1.75rem;
  font-weight: 300;
}

@media screen and (min-width: 25rem) {
  .emotion-1 {
    font-weight: 700;
  }
}

<div
  className="emotion-0"
>
  <span
    className="emotion-1"
    color="colorText"
    data-browk-ui-element="TEXT"
    fontSize="fontSize30"
    fontWeight={
      Array [
        "fontWeightLight",
        "fontWeightSemibold",
      ]
    }
  >
    font weight responsive
  </span>
</div>
`;

exports[`letterSpacing should set a letter spacing property 1`] = `
.emotion-0 {
  color: rgb(0, 0, 0);
  font-size: 1.25rem;
  font-family: Roboto,-apple-system,Ubuntu,sans-serif;
  line-height: 1.75rem;
  font-weight: 400;
  font-variant-numeric: tabular-nums;
}

.emotion-1 {
  margin: 0;
  padding: 0;
  color: rgb(0, 0, 0);
  font-size: 1.25rem;
  line-height: 1.75rem;
  letter-spacing: 1px;
}

<div
  className="emotion-0"
>
  <span
    className="emotion-1"
    color="colorText"
    data-browk-ui-element="TEXT"
    fontSize="fontSize30"
    letterSpacing="1px"
  >
    letter spacing single
  </span>
</div>
`;

exports[`letterSpacing should set a responsive letter spacing property 1`] = `
.emotion-0 {
  color: rgb(0, 0, 0);
  font-size: 1.25rem;
  font-family: Roboto,-apple-system,Ubuntu,sans-serif;
  line-height: 1.75rem;
  font-weight: 400;
  font-variant-numeric: tabular-nums;
}

.emotion-1 {
  margin: 0;
  padding: 0;
  color: rgb(0, 0, 0);
  font-size: 1.25rem;
  line-height: 1.75rem;
  letter-spacing: -2px;
}

@media screen and (min-width: 25rem) {
  .emotion-1 {
    letter-spacing: 3px;
  }
}

<div
  className="emotion-0"
>
  <span
    className="emotion-1"
    color="colorText"
    data-browk-ui-element="TEXT"
    fontSize="fontSize30"
    letterSpacing={
      Array [
        "-2px",
        "3px",
      ]
    }
  >
    letter spacing responsive
  </span>
</div>
`;

exports[`lineHeight should set a line height property 1`] = `
.emotion-0 {
  color: rgb(0, 0, 0);
  font-size: 1.25rem;
  font-family: Roboto,-apple-system,Ubuntu,sans-serif;
  line-height: 1.75rem;
  font-weight: 400;
  font-variant-numeric: tabular-nums;
}

.emotion-1 {
  margin: 0;
  padding: 0;
  color: rgb(0, 0, 0);
  font-size: 1.25rem;
  line-height: 1.25rem;
}

<div
  className="emotion-0"
>
  <span
    className="emotion-1"
    color="colorText"
    data-browk-ui-element="TEXT"
    fontSize="fontSize30"
  >
    line height single
  </span>
</div>
`;

exports[`lineHeight should set a responsive line height property 1`] = `
.emotion-0 {
  color: rgb(0, 0, 0);
  font-size: 1.25rem;
  font-family: Roboto,-apple-system,Ubuntu,sans-serif;
  line-height: 1.75rem;
  font-weight: 400;
  font-variant-numeric: tabular-nums;
}

.emotion-1 {
  margin: 0;
  padding: 0;
  color: rgb(0, 0, 0);
  font-size: 1.25rem;
  line-height: 1.5rem;
}

@media screen and (min-width: 25rem) {
  .emotion-1 {
    line-height: 1.75rem;
  }
}

<div
  className="emotion-0"
>
  <span
    className="emotion-1"
    color="colorText"
    data-browk-ui-element="TEXT"
    fontSize="fontSize30"
  >
    line height responsive
  </span>
</div>
`;

exports[`margin should set a margin property 1`] = `
.emotion-0 {
  color: rgb(0, 0, 0);
  font-size: 1.25rem;
  font-family: Roboto,-apple-system,Ubuntu,sans-serif;
  line-height: 1.75rem;
  font-weight: 400;
  font-variant-numeric: tabular-nums;
}

.emotion-1 {
  margin: 0.125rem;
  padding: 0;
  color: rgb(0, 0, 0);
  font-size: 1.25rem;
  line-height: 1.75rem;
}

<div
  className="emotion-0"
>
  <span
    className="emotion-1"
    color="colorText"
    data-browk-ui-element="TEXT"
    fontSize="fontSize30"
  >
    margin single
  </span>
</div>
`;

exports[`margin should set a responsive margin property 1`] = `
.emotion-0 {
  color: rgb(0, 0, 0);
  font-size: 1.25rem;
  font-family: Roboto,-apple-system,Ubuntu,sans-serif;
  line-height: 1.75rem;
  font-weight: 400;
  font-variant-numeric: tabular-nums;
}

.emotion-1 {
  margin: 0.25rem;
  padding: 0;
  color: rgb(0, 0, 0);
  font-size: 1.25rem;
  line-height: 1.75rem;
}

@media screen and (min-width: 25rem) {
  .emotion-1 {
    margin: 0.5rem;
  }
}

<div
  className="emotion-0"
>
  <span
    className="emotion-1"
    color="colorText"
    data-browk-ui-element="TEXT"
    fontSize="fontSize30"
  >
    margin responsive
  </span>
</div>
`;

exports[`marginBottom should set a marginBottom property 1`] = `
.emotion-0 {
  color: rgb(0, 0, 0);
  font-size: 1.25rem;
  font-family: Roboto,-apple-system,Ubuntu,sans-serif;
  line-height: 1.75rem;
  font-weight: 400;
  font-variant-numeric: tabular-nums;
}

.emotion-1 {
  margin: 0;
  padding: 0;
  color: rgb(0, 0, 0);
  font-size: 1.25rem;
  line-height: 1.75rem;
  margin-bottom: 0.125rem;
}

<div
  className="emotion-0"
>
  <span
    className="emotion-1"
    color="colorText"
    data-browk-ui-element="TEXT"
    fontSize="fontSize30"
  >
    marginBottom single
  </span>
</div>
`;

exports[`marginBottom should set a responsive marginBottom property 1`] = `
.emotion-0 {
  color: rgb(0, 0, 0);
  font-size: 1.25rem;
  font-family: Roboto,-apple-system,Ubuntu,sans-serif;
  line-height: 1.75rem;
  font-weight: 400;
  font-variant-numeric: tabular-nums;
}

.emotion-1 {
  margin: 0;
  padding: 0;
  color: rgb(0, 0, 0);
  font-size: 1.25rem;
  line-height: 1.75rem;
  margin-bottom: 0.25rem;
}

@media screen and (min-width: 25rem) {
  .emotion-1 {
    margin-bottom: 0.5rem;
  }
}

<div
  className="emotion-0"
>
  <span
    className="emotion-1"
    color="colorText"
    data-browk-ui-element="TEXT"
    fontSize="fontSize30"
  >
    marginBottom responsive
  </span>
</div>
`;

exports[`marginLeft should set a marginLeft property 1`] = `
.emotion-0 {
  color: rgb(0, 0, 0);
  font-size: 1.25rem;
  font-family: Roboto,-apple-system,Ubuntu,sans-serif;
  line-height: 1.75rem;
  font-weight: 400;
  font-variant-numeric: tabular-nums;
}

.emotion-1 {
  margin: 0;
  padding: 0;
  color: rgb(0, 0, 0);
  font-size: 1.25rem;
  line-height: 1.75rem;
  margin-left: 0.125rem;
}

<div
  className="emotion-0"
>
  <span
    className="emotion-1"
    color="colorText"
    data-browk-ui-element="TEXT"
    fontSize="fontSize30"
  >
    marginLeft single
  </span>
</div>
`;

exports[`marginLeft should set a responsive marginLeft property 1`] = `
.emotion-0 {
  color: rgb(0, 0, 0);
  font-size: 1.25rem;
  font-family: Roboto,-apple-system,Ubuntu,sans-serif;
  line-height: 1.75rem;
  font-weight: 400;
  font-variant-numeric: tabular-nums;
}

.emotion-1 {
  margin: 0;
  padding: 0;
  color: rgb(0, 0, 0);
  font-size: 1.25rem;
  line-height: 1.75rem;
  margin-left: 0.25rem;
}

@media screen and (min-width: 25rem) {
  .emotion-1 {
    margin-left: 0.5rem;
  }
}

<div
  className="emotion-0"
>
  <span
    className="emotion-1"
    color="colorText"
    data-browk-ui-element="TEXT"
    fontSize="fontSize30"
  >
    marginLeft responsive
  </span>
</div>
`;

exports[`marginRight should set a marginRight property 1`] = `
.emotion-0 {
  color: rgb(0, 0, 0);
  font-size: 1.25rem;
  font-family: Roboto,-apple-system,Ubuntu,sans-serif;
  line-height: 1.75rem;
  font-weight: 400;
  font-variant-numeric: tabular-nums;
}

.emotion-1 {
  margin: 0;
  padding: 0;
  color: rgb(0, 0, 0);
  font-size: 1.25rem;
  line-height: 1.75rem;
  margin-right: 0.125rem;
}

<div
  className="emotion-0"
>
  <span
    className="emotion-1"
    color="colorText"
    data-browk-ui-element="TEXT"
    fontSize="fontSize30"
  >
    marginRight single
  </span>
</div>
`;

exports[`marginRight should set a responsive marginRight property 1`] = `
.emotion-0 {
  color: rgb(0, 0, 0);
  font-size: 1.25rem;
  font-family: Roboto,-apple-system,Ubuntu,sans-serif;
  line-height: 1.75rem;
  font-weight: 400;
  font-variant-numeric: tabular-nums;
}

.emotion-1 {
  margin: 0;
  padding: 0;
  color: rgb(0, 0, 0);
  font-size: 1.25rem;
  line-height: 1.75rem;
  margin-right: 0.25rem;
}

@media screen and (min-width: 25rem) {
  .emotion-1 {
    margin-right: 0.5rem;
  }
}

<div
  className="emotion-0"
>
  <span
    className="emotion-1"
    color="colorText"
    data-browk-ui-element="TEXT"
    fontSize="fontSize30"
  >
    marginRight responsive
  </span>
</div>
`;

exports[`marginTop should set a marginTop property 1`] = `
.emotion-0 {
  color: rgb(0, 0, 0);
  font-size: 1.25rem;
  font-family: Roboto,-apple-system,Ubuntu,sans-serif;
  line-height: 1.75rem;
  font-weight: 400;
  font-variant-numeric: tabular-nums;
}

.emotion-1 {
  margin: 0;
  padding: 0;
  color: rgb(0, 0, 0);
  font-size: 1.25rem;
  line-height: 1.75rem;
  margin-top: 0.125rem;
}

<div
  className="emotion-0"
>
  <span
    className="emotion-1"
    color="colorText"
    data-browk-ui-element="TEXT"
    fontSize="fontSize30"
  >
    marginTop single
  </span>
</div>
`;

exports[`marginTop should set a responsive marginTop property 1`] = `
.emotion-0 {
  color: rgb(0, 0, 0);
  font-size: 1.25rem;
  font-family: Roboto,-apple-system,Ubuntu,sans-serif;
  line-height: 1.75rem;
  font-weight: 400;
  font-variant-numeric: tabular-nums;
}

.emotion-1 {
  margin: 0;
  padding: 0;
  color: rgb(0, 0, 0);
  font-size: 1.25rem;
  line-height: 1.75rem;
  margin-top: 0.25rem;
}

@media screen and (min-width: 25rem) {
  .emotion-1 {
    margin-top: 0.5rem;
  }
}

<div
  className="emotion-0"
>
  <span
    className="emotion-1"
    color="colorText"
    data-browk-ui-element="TEXT"
    fontSize="fontSize30"
  >
    marginTop responsive
  </span>
</div>
`;

exports[`padding should set a padding property 1`] = `
.emotion-0 {
  color: rgb(0, 0, 0);
  font-size: 1.25rem;
  font-family: Roboto,-apple-system,Ubuntu,sans-serif;
  line-height: 1.75rem;
  font-weight: 400;
  font-variant-numeric: tabular-nums;
}

.emotion-1 {
  margin: 0;
  padding: 0.125rem;
  color: rgb(0, 0, 0);
  font-size: 1.25rem;
  line-height: 1.75rem;
}

<div
  className="emotion-0"
>
  <span
    className="emotion-1"
    color="colorText"
    data-browk-ui-element="TEXT"
    fontSize="fontSize30"
  >
    padding single
  </span>
</div>
`;

exports[`padding should set a responsive padding property 1`] = `
.emotion-0 {
  color: rgb(0, 0, 0);
  font-size: 1.25rem;
  font-family: Roboto,-apple-system,Ubuntu,sans-serif;
  line-height: 1.75rem;
  font-weight: 400;
  font-variant-numeric: tabular-nums;
}

.emotion-1 {
  margin: 0;
  padding: 0.25rem;
  color: rgb(0, 0, 0);
  font-size: 1.25rem;
  line-height: 1.75rem;
}

@media screen and (min-width: 25rem) {
  .emotion-1 {
    padding: 0.5rem;
  }
}

<div
  className="emotion-0"
>
  <span
    className="emotion-1"
    color="colorText"
    data-browk-ui-element="TEXT"
    fontSize="fontSize30"
  >
    padding responsive
  </span>
</div>
`;

exports[`paddingBottom should set a paddingBottom property 1`] = `
.emotion-0 {
  color: rgb(0, 0, 0);
  font-size: 1.25rem;
  font-family: Roboto,-apple-system,Ubuntu,sans-serif;
  line-height: 1.75rem;
  font-weight: 400;
  font-variant-numeric: tabular-nums;
}

.emotion-1 {
  margin: 0;
  padding: 0;
  color: rgb(0, 0, 0);
  font-size: 1.25rem;
  line-height: 1.75rem;
  padding-bottom: 0.125rem;
}

<div
  className="emotion-0"
>
  <span
    className="emotion-1"
    color="colorText"
    data-browk-ui-element="TEXT"
    fontSize="fontSize30"
  >
    paddingBottom single
  </span>
</div>
`;

exports[`paddingBottom should set a responsive paddingBottom property 1`] = `
.emotion-0 {
  color: rgb(0, 0, 0);
  font-size: 1.25rem;
  font-family: Roboto,-apple-system,Ubuntu,sans-serif;
  line-height: 1.75rem;
  font-weight: 400;
  font-variant-numeric: tabular-nums;
}

.emotion-1 {
  margin: 0;
  padding: 0;
  color: rgb(0, 0, 0);
  font-size: 1.25rem;
  line-height: 1.75rem;
  padding-bottom: 0.25rem;
}

@media screen and (min-width: 25rem) {
  .emotion-1 {
    padding-bottom: 0.5rem;
  }
}

<div
  className="emotion-0"
>
  <span
    className="emotion-1"
    color="colorText"
    data-browk-ui-element="TEXT"
    fontSize="fontSize30"
  >
    paddingBottom responsive
  </span>
</div>
`;

exports[`paddingLeft should set a paddingLeft property 1`] = `
.emotion-0 {
  color: rgb(0, 0, 0);
  font-size: 1.25rem;
  font-family: Roboto,-apple-system,Ubuntu,sans-serif;
  line-height: 1.75rem;
  font-weight: 400;
  font-variant-numeric: tabular-nums;
}

.emotion-1 {
  margin: 0;
  padding: 0;
  color: rgb(0, 0, 0);
  font-size: 1.25rem;
  line-height: 1.75rem;
  padding-left: 0.125rem;
}

<div
  className="emotion-0"
>
  <span
    className="emotion-1"
    color="colorText"
    data-browk-ui-element="TEXT"
    fontSize="fontSize30"
  >
    paddingLeft single
  </span>
</div>
`;

exports[`paddingLeft should set a responsive paddingLeft property 1`] = `
.emotion-0 {
  color: rgb(0, 0, 0);
  font-size: 1.25rem;
  font-family: Roboto,-apple-system,Ubuntu,sans-serif;
  line-height: 1.75rem;
  font-weight: 400;
  font-variant-numeric: tabular-nums;
}

.emotion-1 {
  margin: 0;
  padding: 0;
  color: rgb(0, 0, 0);
  font-size: 1.25rem;
  line-height: 1.75rem;
  padding-left: 0.25rem;
}

@media screen and (min-width: 25rem) {
  .emotion-1 {
    padding-left: 0.5rem;
  }
}

<div
  className="emotion-0"
>
  <span
    className="emotion-1"
    color="colorText"
    data-browk-ui-element="TEXT"
    fontSize="fontSize30"
  >
    paddingLeft responsive
  </span>
</div>
`;

exports[`paddingRight should set a paddingRight property 1`] = `
.emotion-0 {
  color: rgb(0, 0, 0);
  font-size: 1.25rem;
  font-family: Roboto,-apple-system,Ubuntu,sans-serif;
  line-height: 1.75rem;
  font-weight: 400;
  font-variant-numeric: tabular-nums;
}

.emotion-1 {
  margin: 0;
  padding: 0;
  color: rgb(0, 0, 0);
  font-size: 1.25rem;
  line-height: 1.75rem;
  padding-right: 0.125rem;
}

<div
  className="emotion-0"
>
  <span
    className="emotion-1"
    color="colorText"
    data-browk-ui-element="TEXT"
    fontSize="fontSize30"
  >
    paddingRight single
  </span>
</div>
`;

exports[`paddingRight should set a responsive paddingRight property 1`] = `
.emotion-0 {
  color: rgb(0, 0, 0);
  font-size: 1.25rem;
  font-family: Roboto,-apple-system,Ubuntu,sans-serif;
  line-height: 1.75rem;
  font-weight: 400;
  font-variant-numeric: tabular-nums;
}

.emotion-1 {
  margin: 0;
  padding: 0;
  color: rgb(0, 0, 0);
  font-size: 1.25rem;
  line-height: 1.75rem;
  padding-right: 0.25rem;
}

@media screen and (min-width: 25rem) {
  .emotion-1 {
    padding-right: 0.5rem;
  }
}

<div
  className="emotion-0"
>
  <span
    className="emotion-1"
    color="colorText"
    data-browk-ui-element="TEXT"
    fontSize="fontSize30"
  >
    paddingRight responsive
  </span>
</div>
`;

exports[`paddingTop should set a paddingTop property 1`] = `
.emotion-0 {
  color: rgb(0, 0, 0);
  font-size: 1.25rem;
  font-family: Roboto,-apple-system,Ubuntu,sans-serif;
  line-height: 1.75rem;
  font-weight: 400;
  font-variant-numeric: tabular-nums;
}

.emotion-1 {
  margin: 0;
  padding: 0;
  color: rgb(0, 0, 0);
  font-size: 1.25rem;
  line-height: 1.75rem;
  padding-top: 0.125rem;
}

<div
  className="emotion-0"
>
  <span
    className="emotion-1"
    color="colorText"
    data-browk-ui-element="TEXT"
    fontSize="fontSize30"
  >
    paddingTop single
  </span>
</div>
`;

exports[`paddingTop should set a responsive paddingTop property 1`] = `
.emotion-0 {
  color: rgb(0, 0, 0);
  font-size: 1.25rem;
  font-family: Roboto,-apple-system,Ubuntu,sans-serif;
  line-height: 1.75rem;
  font-weight: 400;
  font-variant-numeric: tabular-nums;
}

.emotion-1 {
  margin: 0;
  padding: 0;
  color: rgb(0, 0, 0);
  font-size: 1.25rem;
  line-height: 1.75rem;
  padding-top: 0.25rem;
}

@media screen and (min-width: 25rem) {
  .emotion-1 {
    padding-top: 0.5rem;
  }
}

<div
  className="emotion-0"
>
  <span
    className="emotion-1"
    color="colorText"
    data-browk-ui-element="TEXT"
    fontSize="fontSize30"
  >
    paddingTop responsive
  </span>
</div>
`;

exports[`textAlign should set a responsive textAlign property 1`] = `
.emotion-0 {
  color: rgb(0, 0, 0);
  font-size: 1.25rem;
  font-family: Roboto,-apple-system,Ubuntu,sans-serif;
  line-height: 1.75rem;
  font-weight: 400;
  font-variant-numeric: tabular-nums;
}

.emotion-1 {
  margin: 0;
  padding: 0;
  color: rgb(0, 0, 0);
  font-size: 1.25rem;
  line-height: 1.75rem;
  text-align: center;
}

@media screen and (min-width: 25rem) {
  .emotion-1 {
    text-align: left;
  }
}

<div
  className="emotion-0"
>
  <span
    className="emotion-1"
    color="colorText"
    data-browk-ui-element="TEXT"
    fontSize="fontSize30"
  >
    textAlign responsive
  </span>
</div>
`;

exports[`textAlign should set a textAlign property 1`] = `
.emotion-0 {
  color: rgb(0, 0, 0);
  font-size: 1.25rem;
  font-family: Roboto,-apple-system,Ubuntu,sans-serif;
  line-height: 1.75rem;
  font-weight: 400;
  font-variant-numeric: tabular-nums;
}

.emotion-1 {
  margin: 0;
  padding: 0;
  color: rgb(0, 0, 0);
  font-size: 1.25rem;
  line-height: 1.75rem;
  text-align: right;
}

<div
  className="emotion-0"
>
  <span
    className="emotion-1"
    color="colorText"
    data-browk-ui-element="TEXT"
    fontSize="fontSize30"
  >
    textAlign single
  </span>
</div>
`;

exports[`textDecoration should set a responsive textDecoration property 1`] = `
.emotion-0 {
  color: rgb(0, 0, 0);
  font-size: 1.25rem;
  font-family: Roboto,-apple-system,Ubuntu,sans-serif;
  line-height: 1.75rem;
  font-weight: 400;
  font-variant-numeric: tabular-nums;
}

.emotion-1 {
  margin: 0;
  padding: 0;
  color: rgb(0, 0, 0);
  font-size: 1.25rem;
  line-height: 1.75rem;
  -webkit-text-decoration: underline;
  text-decoration: underline;
}

@media screen and (min-width: 25rem) {
  .emotion-1 {
    -webkit-text-decoration: normal;
    text-decoration: normal;
  }
}

<div
  className="emotion-0"
>
  <span
    className="emotion-1"
    color="colorText"
    data-browk-ui-element="TEXT"
    fontSize="fontSize30"
    textDecoration={
      Array [
        "underline",
        "normal",
      ]
    }
  >
    textDecoration responsive
  </span>
</div>
`;

exports[`textDecoration should set a textDecoration property 1`] = `
.emotion-0 {
  color: rgb(0, 0, 0);
  font-size: 1.25rem;
  font-family: Roboto,-apple-system,Ubuntu,sans-serif;
  line-height: 1.75rem;
  font-weight: 400;
  font-variant-numeric: tabular-nums;
}

.emotion-1 {
  margin: 0;
  padding: 0;
  color: rgb(0, 0, 0);
  font-size: 1.25rem;
  line-height: 1.75rem;
  -webkit-text-decoration: underline;
  text-decoration: underline;
}

<div
  className="emotion-0"
>
  <span
    className="emotion-1"
    color="colorText"
    data-browk-ui-element="TEXT"
    fontSize="fontSize30"
    textDecoration="underline"
  >
    textDecoration single
  </span>
</div>
`;
