// Jest Snapshot v1, https://goo.gl/fbAQLP

exports[`dTSFormatter should return typescript definitions formatted tokens 1`] = `
"export declare const colorBackground = \\"rgb(255, 255, 255)\\";
export declare const colorBackgroundBrand = \\"rgb(110, 65, 226)\\";
export declare const colorBackgroundBrandStrong = \\"rgb(17, 17, 17)\\";
export declare const colorBackgroundOverlay = \\"rgba(0, 0, 0, 0.5)\\";
export declare const colorBackgroundStrong = \\"rgb(250, 250, 250)\\";
export declare const colorBrand = \\"rgb(110, 65, 226)\\";
export declare const colorBrandHighlight = \\"rgb(255, 217, 18)\\";
export declare const colorGray0 = \\"rgb(255, 255, 255)\\";
export declare const colorGray10 = \\"rgb(250, 250, 250)\\";
export declare const colorGray20 = \\"rgb(241, 241, 241)\\";
export declare const colorGray30 = \\"rgb(212, 212, 212)\\";
export declare const colorGray40 = \\"rgba(17, 17, 17, 0.48)\\";
export declare const colorGray50 = \\"rgb(107, 107, 107)\\";
export declare const colorGray60 = \\"rgb(51, 51, 51)\\";
export declare const colorGray70 = \\"rgb(17, 17, 17)\\";
export declare const colorText = \\"rgb(0, 0, 0)\\";
export declare const colorTextIcon = \\"rgb(51, 51, 51)\\";
export declare const colorTextInverse = \\"rgb(255, 255, 255)\\";
export declare const colorTextLink = \\"rgb(242, 202, 202)\\";
export declare const fontSize10 = \\"0.813rem\\";
export declare const fontSize20 = \\"1rem\\";
export declare const fontSize30 = \\"1.25rem\\";
export declare const fontSize40 = \\"1.5rem\\";
export declare const fontSize50 = \\"2rem\\";
export declare const fontSize60 = \\"2.5rem\\";
export declare const fontSize70 = \\"3rem\\";
export declare const fontSize80 = \\"3.5rem\\";
export declare const space0 = \\"0\\";
export declare const space10 = \\"0.125rem\\";
export declare const space100 = \\"2.25rem\\";
export declare const space110 = \\"2.5rem\\";
export declare const space120 = \\"2.75rem\\";
export declare const space130 = \\"3rem\\";
export declare const space140 = \\"3.25rem\\";
export declare const space150 = \\"3.5rem\\";
export declare const space160 = \\"3.75rem\\";
export declare const space170 = \\"4rem\\";
export declare const space180 = \\"4.25rem\\";
export declare const space190 = \\"4.5rem\\";
export declare const space20 = \\"0.25rem\\";
export declare const space200 = \\"4.75rem\\";
export declare const space30 = \\"0.5rem\\";
export declare const space40 = \\"0.75rem\\";
export declare const space50 = \\"1rem\\";
export declare const space60 = \\"1.25rem\\";
export declare const space70 = \\"1.5rem\\";
export declare const space80 = \\"1.75rem\\";
export declare const space90 = \\"2rem\\";
export declare const spaceNegative10 = \\"-0.125rem\\";
export declare const spaceNegative100 = \\"-2.25rem\\";
export declare const spaceNegative110 = \\"-2.5rem\\";
export declare const spaceNegative120 = \\"-2.75rem\\";
export declare const spaceNegative130 = \\"-3rem\\";
export declare const spaceNegative140 = \\"-3.25rem\\";
export declare const spaceNegative150 = \\"-3.5rem\\";
export declare const spaceNegative160 = \\"-3.75rem\\";
export declare const spaceNegative170 = \\"-4rem\\";
export declare const spaceNegative180 = \\"-4.25rem\\";
export declare const spaceNegative190 = \\"-4.5rem\\";
export declare const spaceNegative20 = \\"-0.25rem\\";
export declare const spaceNegative200 = \\"-4.75rem\\";
export declare const spaceNegative30 = \\"-0.5rem\\";
export declare const spaceNegative40 = \\"-0.75rem\\";
export declare const spaceNegative50 = \\"-1rem\\";
export declare const spaceNegative60 = \\"-1.25rem\\";
export declare const spaceNegative70 = \\"-1.5rem\\";
export declare const spaceNegative80 = \\"-1.75rem\\";
export declare const spaceNegative90 = \\"-2rem\\";
export declare const zIndex0 = \\"0\\";
export declare const zIndex10 = \\"10\\";
export declare const zIndex20 = \\"20\\";
export declare const zIndex30 = \\"30\\";
export declare const zIndex40 = \\"40\\";
export declare const zIndex50 = \\"50\\";
export declare const zIndex60 = \\"60\\";
export declare const zIndex70 = \\"70\\";
export declare const zIndex80 = \\"80\\";
export declare const zIndex90 = \\"90\\";
export declare const backgroundColors: {
  colorBackground: \\"rgb(255, 255, 255)\\";
  colorBackgroundBrand: \\"rgb(110, 65, 226)\\";
  colorBackgroundBrandStrong: \\"rgb(17, 17, 17)\\";
  colorBackgroundOverlay: \\"rgba(0, 0, 0, 0.5)\\";
  colorBackgroundStrong: \\"rgb(250, 250, 250)\\";
};
export declare const colors: {
  colorBrand: \\"rgb(110, 65, 226)\\";
  colorBrandHighlight: \\"rgb(255, 217, 18)\\";
  colorGray0: \\"rgb(255, 255, 255)\\";
  colorGray10: \\"rgb(250, 250, 250)\\";
  colorGray20: \\"rgb(241, 241, 241)\\";
  colorGray30: \\"rgb(212, 212, 212)\\";
  colorGray40: \\"rgba(17, 17, 17, 0.48)\\";
  colorGray50: \\"rgb(107, 107, 107)\\";
  colorGray60: \\"rgb(51, 51, 51)\\";
  colorGray70: \\"rgb(17, 17, 17)\\";
};
export declare const fontSizes: {
  fontSize10: \\"0.813rem\\";
  fontSize20: \\"1rem\\";
  fontSize30: \\"1.25rem\\";
  fontSize40: \\"1.5rem\\";
  fontSize50: \\"2rem\\";
  fontSize60: \\"2.5rem\\";
  fontSize70: \\"3rem\\";
  fontSize80: \\"3.5rem\\";
};
export declare const spacings: {
  space0: 0;
  space10: \\"0.125rem\\";
  space100: \\"2.25rem\\";
  space110: \\"2.5rem\\";
  space120: \\"2.75rem\\";
  space130: \\"3rem\\";
  space140: \\"3.25rem\\";
  space150: \\"3.5rem\\";
  space160: \\"3.75rem\\";
  space170: \\"4rem\\";
  space180: \\"4.25rem\\";
  space190: \\"4.5rem\\";
  space20: \\"0.25rem\\";
  space200: \\"4.75rem\\";
  space30: \\"0.5rem\\";
  space40: \\"0.75rem\\";
  space50: \\"1rem\\";
  space60: \\"1.25rem\\";
  space70: \\"1.5rem\\";
  space80: \\"1.75rem\\";
  space90: \\"2rem\\";
  spaceNegative10: \\"-0.125rem\\";
  spaceNegative100: \\"-2.25rem\\";
  spaceNegative110: \\"-2.5rem\\";
  spaceNegative120: \\"-2.75rem\\";
  spaceNegative130: \\"-3rem\\";
  spaceNegative140: \\"-3.25rem\\";
  spaceNegative150: \\"-3.5rem\\";
  spaceNegative160: \\"-3.75rem\\";
  spaceNegative170: \\"-4rem\\";
  spaceNegative180: \\"-4.25rem\\";
  spaceNegative190: \\"-4.5rem\\";
  spaceNegative20: \\"-0.25rem\\";
  spaceNegative200: \\"-4.75rem\\";
  spaceNegative30: \\"-0.5rem\\";
  spaceNegative40: \\"-0.75rem\\";
  spaceNegative50: \\"-1rem\\";
  spaceNegative60: \\"-1.25rem\\";
  spaceNegative70: \\"-1.5rem\\";
  spaceNegative80: \\"-1.75rem\\";
  spaceNegative90: \\"-2rem\\";
};
export declare const textColors: {
  colorText: \\"rgb(0, 0, 0)\\";
  colorTextIcon: \\"rgb(51, 51, 51)\\";
  colorTextInverse: \\"rgb(255, 255, 255)\\";
  colorTextLink: \\"rgb(242, 202, 202)\\";
};
export declare const zIndices: {
  zIndex0: 0;
  zIndex10: 10;
  zIndex20: 20;
  zIndex30: 30;
  zIndex40: 40;
  zIndex50: 50;
  zIndex60: 60;
  zIndex70: 70;
  zIndex80: 80;
  zIndex90: 90;
};"
`;
